******************************************************************************
                  TI ARM Linker PC v20.2.7                     
******************************************************************************
>> Linked Thu Dec 12 18:51:56 2024

OUTPUT FILE NAME:   <FinalProjectMaster(GYROSCOPE)NONI2Cdemo.out>
ENTRY POINT SYMBOL: "_c_int00_noargs"  address: 00002e21


MEMORY CONFIGURATION

         name            origin    length      used     unused   attr    fill
----------------------  --------  ---------  --------  --------  ----  --------
  FLASH                 00000000   00040000  0000335e  0003cca2  R  X
  SRAM                  20000000   00008000  0000060d  000079f3  RW X


SEGMENT ALLOCATION MAP

run origin  load origin   length   init length attrs members
----------  ----------- ---------- ----------- ----- -------
00000000    00000000    00003360   00003360    r-x
  00000000    00000000    0000026c   0000026c    r-- .intvecs
  0000026c    0000026c    00002dc2   00002dc2    r-x .text
  00003030    00003030    000002d8   000002d8    r-- .const
  00003308    00003308    00000058   00000058    r-- .cinit
20000000    20000000    00000614   00000000    rw-
  20000000    20000000    0000026c   00000000    rw- .vtable
  20000270    20000270    00000200   00000000    rw- .stack
  20000470    20000470    0000017d   00000000    rw- .bss
  200005f0    200005f0    00000024   00000000    rw- .data


SECTION ALLOCATION MAP

 output                                  attributes/
section   page    origin      length       input sections
--------  ----  ----------  ----------   ----------------
.intvecs   0    00000000    0000026c     
                  00000000    0000026c     tm4c123gh6pm_startup_ccs.obj (.intvecs)

.text      0    0000026c    00002dc2     
                  0000026c    000009d0     rtsv7M4_T_le_v4SPD16_eabi.lib : e_pow.c.obj (.text:pow)
                  00000c3c    0000053c     main.obj (.text)
                  00001178    000002ec     rtsv7M4_T_le_v4SPD16_eabi.lib : s_atan.c.obj (.text:atan)
                  00001464    000001e4                                   : e_atan2.c.obj (.text:atan2)
                  00001648    000001b6                                   : fd_add_t2.asm.obj (.text)
                  000017fe    00000002     --HOLE-- [fill = 0]
                  00001800    00000158                                   : e_sqrt.c.obj (.text:sqrt)
                  00001958    00000136                                   : fd_div_t2.asm.obj (.text)
                  00001a8e    00000132     driverlib.lib : gpio.obj (.text:GPIOPadConfigSet)
                  00001bc0    00000110                   : sysctl.obj (.text:SysCtlClockGet)
                  00001cd0    00000110     rtsv7M4_T_le_v4SPD16_eabi.lib : s_scalbn.c.obj (.text:scalbn)
                  00001de0    000000fc                                   : fd_mul_t2.asm.obj (.text)
                  00001edc    000000f4     driverlib.lib : sysctl.obj (.text:SysCtlClockSet)
                  00001fd0    000000f2     sensorlib.lib : i2cm_drv.obj (.text:I2CMIntHandler)
                  000020c2    00000002     --HOLE-- [fill = 0]
                  000020c4    000000f0                   : mpu6050.obj (.text:MPU6050Callback)
                  000021b4    0000009c     rtsv7M4_T_le_v4SPD16_eabi.lib : memcpy_t2.asm.obj (.text)
                  00002250    00000098     sensorlib.lib : i2cm_drv.obj (.text:I2CMStateIdle)
                  000022e8    00000088                   : i2cm_drv.obj (.text:I2CMCommand)
                  00002370    00000086     rtsv7M4_T_le_v4SPD16_eabi.lib : fd_cmp_t2.asm.obj (.text:__aeabi_cdcmple)
                  000023f6    00000086                                   : fd_cmp_t2.asm.obj (.text:__aeabi_cdrcmple)
                  0000247c    0000007a                                   : memset_t2.asm.obj (.text)
                  000024f6    00000002     --HOLE-- [fill = 0]
                  000024f8    00000078     sensorlib.lib : i2cm_drv.obj (.text:I2CMReadModifyWrite8)
                  00002570    00000070                   : mpu6050.obj (.text:MPU6050DataAccelGetFloat)
                  000025e0    00000070                   : mpu6050.obj (.text:MPU6050DataGyroGetFloat)
                  00002650    00000068     driverlib.lib : interrupt.obj (.text:IntDisable)
                  000026b8    00000068                   : interrupt.obj (.text:IntEnable)
                  00002720    00000068     rtsv7M4_T_le_v4SPD16_eabi.lib : copy_decompress_lzss.c.obj (.text:decompress:lzss:__TI_decompress_lzss)
                  00002788    00000064     driverlib.lib : interrupt.obj (.text:IntIsEnabled)
                  000027ec    00000060     sensorlib.lib : i2cm_drv.obj (.text:I2CMReadModifyWrite8Callback)
                  0000284c    0000005e                   : i2cm_drv.obj (.text:I2CMStateWritePause)
                  000028aa    00000002     --HOLE-- [fill = 0]
                  000028ac    0000005c                   : mpu6050.obj (.text:MPU6050Init)
                  00002908    00000054                   : mpu6050.obj (.text:MPU6050DataRead)
                  0000295c    00000050                   : i2cm_drv.obj (.text:I2CMStateWriteFinal)
                  000029ac    00000050     driverlib.lib : sysctl.obj (.text:SysCtlPeripheralReset)
                  000029fc    0000004c                   : i2c.obj (.text:I2CMasterInitExpClk)
                  00002a48    0000004c     sensorlib.lib : mpu6050.obj (.text:MPU6050ReadModifyWrite)
                  00002a94    0000004a                   : i2cm_drv.obj (.text:I2CMStateReadNext)
                  00002ade    00000002     --HOLE-- [fill = 0]
                  00002ae0    00000048     driverlib.lib : gpio.obj (.text:GPIOPinConfigure)
                  00002b28    00000048     sensorlib.lib : i2cm_drv.obj (.text:I2CMStateWriteNext)
                  00002b70    00000048     rtsv7M4_T_le_v4SPD16_eabi.lib : fd_toi_t2.asm.obj (.text)
                  00002bb8    00000046     driverlib.lib : uart.obj (.text:UARTConfigSetExpClk)
                  00002bfe    00000044     sensorlib.lib : i2cm_drv.obj (.text:I2CMStateCallback)
                  00002c42    00000002     --HOLE-- [fill = 0]
                  00002c44    00000044     rtsv7M4_T_le_v4SPD16_eabi.lib : autoinit.c.obj (.text:__TI_auto_init_nobinit_nopinit:__TI_auto_init_nobinit_nopinit)
                  00002c88    00000042     sensorlib.lib : i2cm_drv.obj (.text:I2CMStateReadFinal)
                  00002cca    00000002     --HOLE-- [fill = 0]
                  00002ccc    00000040     driverlib.lib : i2c.obj (.text:_I2CIntNumberGet)
                  00002d0c    0000003e     sensorlib.lib : i2cm_drv.obj (.text:I2CMStateReadPause)
                  00002d4a    00000038     rtsv7M4_T_le_v4SPD16_eabi.lib : fs_tod_t2.asm.obj (.text)
                  00002d82    00000034     sensorlib.lib : i2cm_drv.obj (.text:I2CMInit)
                  00002db6    00000002     --HOLE-- [fill = 0]
                  00002db8    00000034     driverlib.lib : interrupt.obj (.text:IntRegister)
                  00002dec    00000034                   : sysctl.obj (.text:SysCtlPeripheralEnable)
                  00002e20    00000034     rtsv7M4_T_le_v4SPD16_eabi.lib : boot_cortex_m.c.obj (.text:_c_int00_noargs:_c_int00_noargs)
                  00002e54    0000002e                                   : i_tofd_t2.asm.obj (.text)
                  00002e82    0000002a     driverlib.lib : gpio.obj (.text:GPIODirModeSet)
                  00002eac    0000002a     sensorlib.lib : i2cm_drv.obj (.text:I2CMStateReadFirst)
                  00002ed6    00000020                   : i2cm_drv.obj (.text:I2CMStateReadOne)
                  00002ef6    00000002     --HOLE-- [fill = 0]
                  00002ef8    00000020     driverlib.lib : uart.obj (.text:UARTDisable)
                  00002f18    0000001a     sensorlib.lib : i2cm_drv.obj (.text:I2CMStateReadWait)
                  00002f32    0000001a     rtsv7M4_T_le_v4SPD16_eabi.lib : s_copysign.c.obj (.text:copysign)
                  00002f4c    00000018     driverlib.lib : i2c.obj (.text:I2CIntRegister)
                  00002f64    00000014                   : uart.obj (.text:UARTEnable)
                  00002f78    00000012                   : gpio.obj (.text:GPIOPinTypeI2C)
                  00002f8a    00000012                   : gpio.obj (.text:GPIOPinTypeI2CSCL)
                  00002f9c    00000012                   : gpio.obj (.text:GPIOPinTypeUART)
                  00002fae    0000000e     rtsv7M4_T_le_v4SPD16_eabi.lib : copy_decompress_none.c.obj (.text:decompress:none:__TI_decompress_none)
                  00002fbc    0000000c     driverlib.lib : interrupt.obj (.text:IntTrigger)
                  00002fc8    0000000c     rtsv7M4_T_le_v4SPD16_eabi.lib : copy_zero_init.c.obj (.text:decompress:ZI:__TI_zero_init)
                  00002fd4    0000000c     tm4c123gh6pm_startup_ccs.obj (.text)
                  00002fe0    0000000a     driverlib.lib : i2c.obj (.text:I2CMasterEnable)
                  00002fea    0000000a                   : uart.obj (.text:UARTCharPut)
                  00002ff4    00000008                   : i2c.obj (.text:I2CMasterIntClear)
                  00002ffc    00000008                   : i2c.obj (.text:I2CMasterIntEnableEx)
                  00003004    00000008                   : i2c.obj (.text:I2CMasterSlaveAddrSet)
                  0000300c    00000008     rtsv7M4_T_le_v4SPD16_eabi.lib : errno.c.obj (.text:__aeabi_errno_addr)
                  00003014    00000006     driverlib.lib : sysctl.obj (.text:SysCtlDelay)
                  0000301a    00000004                   : i2c.obj (.text:I2CMasterControl)
                  0000301e    00000004                   : i2c.obj (.text:I2CMasterDataGet)
                  00003022    00000004                   : i2c.obj (.text:I2CMasterDataPut)
                  00003026    00000004     rtsv7M4_T_le_v4SPD16_eabi.lib : pre_init.c.obj (.text:_system_pre_init)
                  0000302a    00000004                                   : exit.c.obj (.text:abort:abort)

.const     0    00003030    000002d8     
                  00003030    00000098     rtsv7M4_T_le_v4SPD16_eabi.lib : s_atan.c.obj (.const:$O1$$)
                  000030c8    00000090     driverlib.lib : gpio.obj (.const:g_pui32GPIOBaseAddrs)
                  00003158    00000070                   : interrupt.obj (.const)
                  000031c8    0000006c                   : sysctl.obj (.const:g_pui32Xtals)
                  00003234    00000050                   : i2c.obj (.const:g_ppui32I2CIntMapSnowflake)
                  00003284    00000004     --HOLE-- [fill = 0]
                  00003288    00000030     rtsv7M4_T_le_v4SPD16_eabi.lib : e_pow.c.obj (.const:$O1$$)
                  000032b8    00000030     driverlib.lib : i2c.obj (.const:g_ppui32I2CIntMap)
                  000032e8    00000020     sensorlib.lib : mpu6050.obj (.const)

.cinit     0    00003308    00000058     
                  00003308    0000001d     (.cinit..data.load) [load image, compression = lzss]
                  00003325    00000003     --HOLE-- [fill = 0]
                  00003328    0000000c     (__TI_handler_table)
                  00003334    00000004     --HOLE-- [fill = 0]
                  00003338    00000008     (.cinit..bss.load) [load image, compression = zero_init]
                  00003340    00000008     (.cinit..vtable.load) [load image, compression = zero_init]
                  00003348    00000018     (__TI_cinit_table)

.init_array 
*          0    00000000    00000000     UNINITIALIZED

.vtable    0    20000000    0000026c     UNINITIALIZED
                  20000000    0000026c     driverlib.lib : interrupt.obj (.vtable)

.bss       0    20000470    0000017d     UNINITIALIZED
                  20000470    00000124     (.common:g_sI2CMSimpleInst)
                  20000594    00000038     (.common:sMPU6050)
                  200005cc    00000004     (.common:PitchToSend)
                  200005d0    00000008     (.common:ax)
                  200005d8    00000008     (.common:ay)
                  200005e0    00000004     (.common:RoundedPitch)
                  200005e4    00000004     (.common:RoundedYaw)
                  200005e8    00000004     (.common:YawToSend)
                  200005ec    00000001     (.common:g_bMPU6050Done)

.data      0    200005f0    00000024     UNINITIALIZED
                  200005f0    00000020     main.obj (.data)
                  20000610    00000004     rtsv7M4_T_le_v4SPD16_eabi.lib : errno.c.obj (.data)

.stack     0    20000270    00000200     UNINITIALIZED
                  20000270    00000004     rtsv7M4_T_le_v4SPD16_eabi.lib : boot_cortex_m.c.obj (.stack)
                  20000274    000001fc     --HOLE--

__llvm_prf_cnts 
*          0    20000000    00000000     UNINITIALIZED

MODULE SUMMARY

       Module                         code    ro data   rw data
       ------                         ----    -------   -------
    .\
       main.obj                       1340    0         413    
       tm4c123gh6pm_startup_ccs.obj   12      620       0      
    +--+------------------------------+-------+---------+---------+
       Total:                         1352    620       413    
                                                               
    C:/ti/TivaWare_C_Series-2.1.4.178/driverlib/ccs/Debug/driverlib.lib
       interrupt.obj                  372     112       620    
       sysctl.obj                     654     108       0      
       gpio.obj                       474     144       0      
       i2c.obj                        210     128       0      
       uart.obj                       132     0         0      
    +--+------------------------------+-------+---------+---------+
       Total:                         1842    492       620    
                                                               
    C:/ti/TivaWare_C_Series-2.1.4.178/sensorlib/ccs/Debug/sensorlib.lib
       i2cm_drv.obj                   1414    0         0      
       mpu6050.obj                    716     32        0      
    +--+------------------------------+-------+---------+---------+
       Total:                         2130    32        0      
                                                               
    C:\ti\ccs1281\ccs\tools\compiler\ti-cgt-arm_20.2.7.LTS\lib\rtsv7M4_T_le_v4SPD16_eabi.lib
       e_pow.c.obj                    2512    48        0      
       s_atan.c.obj                   748     152       0      
       e_atan2.c.obj                  484     0         0      
       fd_add_t2.asm.obj              438     0         0      
       e_sqrt.c.obj                   344     0         0      
       fd_div_t2.asm.obj              310     0         0      
       s_scalbn.c.obj                 272     0         0      
       fd_cmp_t2.asm.obj              268     0         0      
       fd_mul_t2.asm.obj              252     0         0      
       memcpy_t2.asm.obj              156     0         0      
       memset_t2.asm.obj              122     0         0      
       copy_decompress_lzss.c.obj     104     0         0      
       fd_toi_t2.asm.obj              72      0         0      
       autoinit.c.obj                 68      0         0      
       fs_tod_t2.asm.obj              56      0         0      
       boot_cortex_m.c.obj            52      0         0      
       i_tofd_t2.asm.obj              46      0         0      
       s_copysign.c.obj               26      0         0      
       copy_decompress_none.c.obj     14      0         0      
       copy_zero_init.c.obj           12      0         0      
       errno.c.obj                    8       0         4      
       exit.c.obj                     4       0         0      
       pre_init.c.obj                 4       0         0      
    +--+------------------------------+-------+---------+---------+
       Total:                         6372    200       4      
                                                               
       Stack:                         0       0         512    
       Linker Generated:              0       81        0      
    +--+------------------------------+-------+---------+---------+
       Grand Total:                   11696   1425      1549   


LINKER GENERATED COPY TABLES

__TI_cinit_table @ 00003348 records: 3, size/record: 8, table size: 24
	.data: load addr=00003308, load size=0000001d bytes, run addr=200005f0, run size=00000024 bytes, compression=lzss
	.bss: load addr=00003338, load size=00000008 bytes, run addr=20000470, run size=0000017d bytes, compression=zero_init
	.vtable: load addr=00003340, load size=00000008 bytes, run addr=20000000, run size=0000026c bytes, compression=zero_init


LINKER GENERATED HANDLER TABLE

__TI_handler_table @ 00003328 records: 3, size/record: 4, table size: 12
	index: 0, handler: __TI_zero_init
	index: 1, handler: __TI_decompress_lzss
	index: 2, handler: __TI_decompress_none


GLOBAL SYMBOLS: SORTED ALPHABETICALLY BY Name 

address   name                          
-------   ----                          
0000302b  C$$EXIT                       
00002e83  GPIODirModeSet                
00001a8f  GPIOPadConfigSet              
00002ae1  GPIOPinConfigure              
00002f79  GPIOPinTypeI2C                
00002f8b  GPIOPinTypeI2CSCL             
00002f9d  GPIOPinTypeUART               
00002f4d  I2CIntRegister                
000022e9  I2CMCommand                   
00002d83  I2CMInit                      
00001fd1  I2CMIntHandler                
000024f9  I2CMReadModifyWrite8          
00000c4f  I2CMSimpleIntHandler          
0000301b  I2CMasterControl              
0000301f  I2CMasterDataGet              
00003023  I2CMasterDataPut              
00002fe1  I2CMasterEnable               
000029fd  I2CMasterInitExpClk           
00002ff5  I2CMasterIntClear             
00002ffd  I2CMasterIntEnableEx          
00003005  I2CMasterSlaveAddrSet         
00000c59  Initialization                
00002651  IntDisable                    
000026b9  IntEnable                     
00002789  IntIsEnabled                  
00002db9  IntRegister                   
00002fbd  IntTrigger                    
00000c3d  MPU6050Callback               
00002571  MPU6050DataAccelGetFloat      
000025e1  MPU6050DataGyroGetFloat       
00002909  MPU6050DataRead               
000028ad  MPU6050Init                   
00002a49  MPU6050ReadModifyWrite        
200005cc  PitchToSend                   
00002fd5  ResetISR                      
200005e0  RoundedPitch                  
200005e4  RoundedYaw                    
00001bc1  SysCtlClockGet                
00001edd  SysCtlClockSet                
00003015  SysCtlDelay                   
00002ded  SysCtlPeripheralEnable        
000029ad  SysCtlPeripheralReset         
00002feb  UARTCharPut                   
00002bb9  UARTConfigSetExpClk           
00002ef9  UARTDisable                   
00002f65  UARTEnable                    
200005e8  YawToSend                     
20000470  __STACK_END                   
00000200  __STACK_SIZE                  
20000470  __STACK_TOP                   
00003348  __TI_CINIT_Base               
00003360  __TI_CINIT_Limit              
00003328  __TI_Handler_Table_Base       
00003334  __TI_Handler_Table_Limit      
00002c45  __TI_auto_init_nobinit_nopinit
00002721  __TI_decompress_lzss          
00002faf  __TI_decompress_none          
ffffffff  __TI_pprof_out_hndl           
ffffffff  __TI_prof_data_size           
ffffffff  __TI_prof_data_start          
00000000  __TI_static_base__            
00002fc9  __TI_zero_init                
00002371  __aeabi_cdcmpeq               
00002371  __aeabi_cdcmple               
000023f7  __aeabi_cdrcmple              
00002b71  __aeabi_d2iz                  
00001653  __aeabi_dadd                  
00001959  __aeabi_ddiv                  
00001de1  __aeabi_dmul                  
00001649  __aeabi_dsub                  
0000300d  __aeabi_errno_addr            
00002d4b  __aeabi_f2d                   
00002e55  __aeabi_i2d                   
0000247d  __aeabi_memclr                
0000247d  __aeabi_memclr4               
0000247d  __aeabi_memclr8               
000021b5  __aeabi_memcpy                
000021b5  __aeabi_memcpy4               
000021b5  __aeabi_memcpy8               
0000247f  __aeabi_memset                
0000247f  __aeabi_memset4               
0000247f  __aeabi_memset8               
ffffffff  __binit__                     
ffffffff  __c_args__                    
UNDEFED   __mpu_init                    
20000270  __stack                       
20000000  __start___llvm_prf_cnts       
20000000  __stop___llvm_prf_cnts        
00002e21  _c_int00_noargs               
UNDEFED   _system_post_cinit            
00003027  _system_pre_init              
0000302b  abort                         
00001179  atan                          
00001465  atan2                         
00001465  atan2l                        
00001179  atanl                         
200005d0  ax                            
200005d8  ay                            
ffffffff  binit                         
00002f33  copysign                      
00002f33  copysignl                     
200005f0  dt                            
200005f8  dt2                           
20000610  errno                         
200005ec  g_bMPU6050Done                
20000000  g_pfnRAMVectors               
00000000  g_pfnVectors                  
20000470  g_sI2CMSimpleInst             
00001cd1  ldexp                         
00001cd1  ldexpl                        
00000d91  main                          
000021b5  memcpy                        
00002485  memset                        
20000608  pitch                         
0000026d  pow                           
0000026d  powl                          
20000594  sMPU6050                      
00001cd1  scalbn                        
00001cd1  scalbnl                       
00001801  sqrt                          
00001801  sqrtl                         
20000600  yaw                           


GLOBAL SYMBOLS: SORTED BY Symbol Address 

address   name                          
-------   ----                          
00000000  __TI_static_base__            
00000000  g_pfnVectors                  
00000200  __STACK_SIZE                  
0000026d  pow                           
0000026d  powl                          
00000c3d  MPU6050Callback               
00000c4f  I2CMSimpleIntHandler          
00000c59  Initialization                
00000d91  main                          
00001179  atan                          
00001179  atanl                         
00001465  atan2                         
00001465  atan2l                        
00001649  __aeabi_dsub                  
00001653  __aeabi_dadd                  
00001801  sqrt                          
00001801  sqrtl                         
00001959  __aeabi_ddiv                  
00001a8f  GPIOPadConfigSet              
00001bc1  SysCtlClockGet                
00001cd1  ldexp                         
00001cd1  ldexpl                        
00001cd1  scalbn                        
00001cd1  scalbnl                       
00001de1  __aeabi_dmul                  
00001edd  SysCtlClockSet                
00001fd1  I2CMIntHandler                
000021b5  __aeabi_memcpy                
000021b5  __aeabi_memcpy4               
000021b5  __aeabi_memcpy8               
000021b5  memcpy                        
000022e9  I2CMCommand                   
00002371  __aeabi_cdcmpeq               
00002371  __aeabi_cdcmple               
000023f7  __aeabi_cdrcmple              
0000247d  __aeabi_memclr                
0000247d  __aeabi_memclr4               
0000247d  __aeabi_memclr8               
0000247f  __aeabi_memset                
0000247f  __aeabi_memset4               
0000247f  __aeabi_memset8               
00002485  memset                        
000024f9  I2CMReadModifyWrite8          
00002571  MPU6050DataAccelGetFloat      
000025e1  MPU6050DataGyroGetFloat       
00002651  IntDisable                    
000026b9  IntEnable                     
00002721  __TI_decompress_lzss          
00002789  IntIsEnabled                  
000028ad  MPU6050Init                   
00002909  MPU6050DataRead               
000029ad  SysCtlPeripheralReset         
000029fd  I2CMasterInitExpClk           
00002a49  MPU6050ReadModifyWrite        
00002ae1  GPIOPinConfigure              
00002b71  __aeabi_d2iz                  
00002bb9  UARTConfigSetExpClk           
00002c45  __TI_auto_init_nobinit_nopinit
00002d4b  __aeabi_f2d                   
00002d83  I2CMInit                      
00002db9  IntRegister                   
00002ded  SysCtlPeripheralEnable        
00002e21  _c_int00_noargs               
00002e55  __aeabi_i2d                   
00002e83  GPIODirModeSet                
00002ef9  UARTDisable                   
00002f33  copysign                      
00002f33  copysignl                     
00002f4d  I2CIntRegister                
00002f65  UARTEnable                    
00002f79  GPIOPinTypeI2C                
00002f8b  GPIOPinTypeI2CSCL             
00002f9d  GPIOPinTypeUART               
00002faf  __TI_decompress_none          
00002fbd  IntTrigger                    
00002fc9  __TI_zero_init                
00002fd5  ResetISR                      
00002fe1  I2CMasterEnable               
00002feb  UARTCharPut                   
00002ff5  I2CMasterIntClear             
00002ffd  I2CMasterIntEnableEx          
00003005  I2CMasterSlaveAddrSet         
0000300d  __aeabi_errno_addr            
00003015  SysCtlDelay                   
0000301b  I2CMasterControl              
0000301f  I2CMasterDataGet              
00003023  I2CMasterDataPut              
00003027  _system_pre_init              
0000302b  C$$EXIT                       
0000302b  abort                         
00003328  __TI_Handler_Table_Base       
00003334  __TI_Handler_Table_Limit      
00003348  __TI_CINIT_Base               
00003360  __TI_CINIT_Limit              
20000000  __start___llvm_prf_cnts       
20000000  __stop___llvm_prf_cnts        
20000000  g_pfnRAMVectors               
20000270  __stack                       
20000470  __STACK_END                   
20000470  __STACK_TOP                   
20000470  g_sI2CMSimpleInst             
20000594  sMPU6050                      
200005cc  PitchToSend                   
200005d0  ax                            
200005d8  ay                            
200005e0  RoundedPitch                  
200005e4  RoundedYaw                    
200005e8  YawToSend                     
200005ec  g_bMPU6050Done                
200005f0  dt                            
200005f8  dt2                           
20000600  yaw                           
20000608  pitch                         
20000610  errno                         
ffffffff  __TI_pprof_out_hndl           
ffffffff  __TI_prof_data_size           
ffffffff  __TI_prof_data_start          
ffffffff  __binit__                     
ffffffff  __c_args__                    
ffffffff  binit                         
UNDEFED   __mpu_init                    
UNDEFED   _system_post_cinit            

[122 symbols]
