******************************************************************************
                  TI ARM Linker PC v20.2.7                     
******************************************************************************
>> Linked Fri Nov 29 19:40:48 2024

OUTPUT FILE NAME:   <FinalProjectMaster(GYROSCOPE).out>
ENTRY POINT SYMBOL: "_c_int00_noargs"  address: 00000f7d


MEMORY CONFIGURATION

         name            origin    length      used     unused   attr    fill
----------------------  --------  ---------  --------  --------  ----  --------
  FLASH                 00000000   00040000  00001222  0003edde  R  X
  SRAM                  20000000   00008000  00000260  00007da0  RW X


SEGMENT ALLOCATION MAP

run origin  load origin   length   init length attrs members
----------  ----------- ---------- ----------- ----- -------
00000000    00000000    00001228   00001228    r-x
  00000000    00000000    0000026c   0000026c    r-- .intvecs
  0000026c    0000026c    00000e7a   00000e7a    r-x .text
  000010e8    000010e8    000000fc   000000fc    r-- .const
  000011e8    000011e8    00000040   00000040    r-- .cinit
20000000    20000000    00000260   00000000    rw-
  20000000    20000000    00000200   00000000    rw- .stack
  20000200    20000200    00000048   00000000    rw- .data
  20000248    20000248    00000018   00000000    rw- .bss


SECTION ALLOCATION MAP

 output                                  attributes/
section   page    origin      length       input sections
--------  ----  ----------  ----------   ----------------
.intvecs   0    00000000    0000026c     
                  00000000    0000026c     tm4c123gh6pm_startup_ccs.obj (.intvecs)

.text      0    0000026c    00000e7a     
                  0000026c    00000438     main.obj (.text)
                  000006a4    000001b6     rtsv7M4_T_le_v4SPD16_eabi.lib : fd_add_t2.asm.obj (.text)
                  0000085a    00000132     driverlib.lib : gpio.obj (.text:GPIOPadConfigSet)
                  0000098c    00000110                   : sysctl.obj (.text:SysCtlClockGet)
                  00000a9c    000000fc     rtsv7M4_T_le_v4SPD16_eabi.lib : fd_mul_t2.asm.obj (.text)
                  00000b98    000000f4     driverlib.lib : sysctl.obj (.text:SysCtlClockSet)
                  00000c8c    0000009c     rtsv7M4_T_le_v4SPD16_eabi.lib : memcpy_t2.asm.obj (.text)
                  00000d28    00000068                                   : copy_decompress_lzss.c.obj (.text:decompress:lzss:__TI_decompress_lzss)
                  00000d90    00000050     driverlib.lib : sysctl.obj (.text:SysCtlPeripheralReset)
                  00000de0    0000004c                   : i2c.obj (.text:I2CMasterInitExpClk)
                  00000e2c    00000048                   : gpio.obj (.text:GPIOPinConfigure)
                  00000e74    00000048     rtsv7M4_T_le_v4SPD16_eabi.lib : fd_toi_t2.asm.obj (.text)
                  00000ebc    00000046     driverlib.lib : uart.obj (.text:UARTConfigSetExpClk)
                  00000f02    00000002     --HOLE-- [fill = 0]
                  00000f04    00000044     rtsv7M4_T_le_v4SPD16_eabi.lib : autoinit.c.obj (.text:__TI_auto_init_nobinit_nopinit:__TI_auto_init_nobinit_nopinit)
                  00000f48    00000034     driverlib.lib : sysctl.obj (.text:SysCtlPeripheralEnable)
                  00000f7c    00000034     rtsv7M4_T_le_v4SPD16_eabi.lib : boot_cortex_m.c.obj (.text:_c_int00_noargs:_c_int00_noargs)
                  00000fb0    0000002e                                   : i_tofd_t2.asm.obj (.text)
                  00000fde    0000002a     driverlib.lib : gpio.obj (.text:GPIODirModeSet)
                  00001008    00000020                   : uart.obj (.text:UARTDisable)
                  00001028    0000001c     rtsv7M4_T_le_v4SPD16_eabi.lib : copy_zero_init.c.obj (.text:decompress:ZI:__TI_zero_init_nomemset:__TI_zero_init_nomemset)
                  00001044    00000014     driverlib.lib : uart.obj (.text:UARTEnable)
                  00001058    00000012                   : gpio.obj (.text:GPIOPinTypeI2C)
                  0000106a    00000012                   : gpio.obj (.text:GPIOPinTypeI2CSCL)
                  0000107c    00000012                   : gpio.obj (.text:GPIOPinTypeUART)
                  0000108e    0000000e     rtsv7M4_T_le_v4SPD16_eabi.lib : copy_decompress_none.c.obj (.text:decompress:none:__TI_decompress_none)
                  0000109c    0000000c     tm4c123gh6pm_startup_ccs.obj (.text)
                  000010a8    0000000a     driverlib.lib : i2c.obj (.text:I2CMasterEnable)
                  000010b2    0000000a                   : uart.obj (.text:UARTCharPut)
                  000010bc    00000008                   : i2c.obj (.text:I2CMasterBusy)
                  000010c4    00000008                   : i2c.obj (.text:I2CMasterSlaveAddrSet)
                  000010cc    00000006                   : sysctl.obj (.text:SysCtlDelay)
                  000010d2    00000004                   : i2c.obj (.text:I2CMasterControl)
                  000010d6    00000004                   : i2c.obj (.text:I2CMasterDataGet)
                  000010da    00000004                   : i2c.obj (.text:I2CMasterDataPut)
                  000010de    00000004     rtsv7M4_T_le_v4SPD16_eabi.lib : pre_init.c.obj (.text:_system_pre_init)
                  000010e2    00000004                                   : exit.c.obj (.text:abort:abort)

.const     0    000010e8    000000fc     
                  000010e8    00000090     driverlib.lib : gpio.obj (.const:g_pui32GPIOBaseAddrs)
                  00001178    0000006c                   : sysctl.obj (.const:g_pui32Xtals)

.cinit     0    000011e8    00000040     
                  000011e8    00000018     (.cinit..data.load) [load image, compression = lzss]
                  00001200    0000000c     (__TI_handler_table)
                  0000120c    00000004     --HOLE-- [fill = 0]
                  00001210    00000008     (.cinit..bss.load) [load image, compression = zero_init]
                  00001218    00000010     (__TI_cinit_table)

.init_array 
*          0    00000000    00000000     UNINITIALIZED

.data      0    20000200    00000048     UNINITIALIZED
                  20000200    00000048     main.obj (.data)

.bss       0    20000248    00000018     UNINITIALIZED
                  20000248    00000010     main.obj (.bss:MPU6050_Buf_14_uint8)
                  20000258    00000004     (.common:AngleToSend)
                  2000025c    00000004     (.common:PitchToSend)

.stack     0    20000000    00000200     UNINITIALIZED
                  20000000    00000004     rtsv7M4_T_le_v4SPD16_eabi.lib : boot_cortex_m.c.obj (.stack)
                  20000004    000001fc     --HOLE--

__llvm_prf_cnts 
*          0    20000000    00000000     UNINITIALIZED

MODULE SUMMARY

       Module                         code   ro data   rw data
       ------                         ----   -------   -------
    .\
       main.obj                       1080   0         96     
       tm4c123gh6pm_startup_ccs.obj   12     620       0      
    +--+------------------------------+------+---------+---------+
       Total:                         1092   620       96     
                                                              
    C:/ti/TivaWare_C_Series-2.1.4.178/driverlib/ccs/Debug/driverlib.lib
       sysctl.obj                     654    108       0      
       gpio.obj                       474    144       0      
       uart.obj                       132    0         0      
       i2c.obj                        114    0         0      
    +--+------------------------------+------+---------+---------+
       Total:                         1374   252       0      
                                                              
    C:\ti\ccs1281\ccs\tools\compiler\ti-cgt-arm_20.2.7.LTS\lib\rtsv7M4_T_le_v4SPD16_eabi.lib
       fd_add_t2.asm.obj              438    0         0      
       fd_mul_t2.asm.obj              252    0         0      
       memcpy_t2.asm.obj              156    0         0      
       copy_decompress_lzss.c.obj     104    0         0      
       fd_toi_t2.asm.obj              72     0         0      
       autoinit.c.obj                 68     0         0      
       boot_cortex_m.c.obj            52     0         0      
       i_tofd_t2.asm.obj              46     0         0      
       copy_zero_init.c.obj           28     0         0      
       copy_decompress_none.c.obj     14     0         0      
       exit.c.obj                     4      0         0      
       pre_init.c.obj                 4      0         0      
    +--+------------------------------+------+---------+---------+
       Total:                         1238   0         0      
                                                              
       Stack:                         0      0         512    
       Linker Generated:              0      60        0      
    +--+------------------------------+------+---------+---------+
       Grand Total:                   3704   932       608    


LINKER GENERATED COPY TABLES

__TI_cinit_table @ 00001218 records: 2, size/record: 8, table size: 16
	.data: load addr=000011e8, load size=00000018 bytes, run addr=20000200, run size=00000048 bytes, compression=lzss
	.bss: load addr=00001210, load size=00000008 bytes, run addr=20000248, run size=00000018 bytes, compression=zero_init


LINKER GENERATED HANDLER TABLE

__TI_handler_table @ 00001200 records: 3, size/record: 4, table size: 12
	index: 0, handler: __TI_decompress_lzss
	index: 1, handler: __TI_decompress_none
	index: 2, handler: __TI_zero_init


GLOBAL SYMBOLS: SORTED ALPHABETICALLY BY Name 

address   name                          
-------   ----                          
20000258  AngleToSend                   
000010e3  C$$EXIT                       
00000fdf  GPIODirModeSet                
0000085b  GPIOPadConfigSet              
00000e2d  GPIOPinConfigure              
00001059  GPIOPinTypeI2C                
0000106b  GPIOPinTypeI2CSCL             
0000107d  GPIOPinTypeUART               
000010bd  I2CMasterBusy                 
000010d3  I2CMasterControl              
000010d7  I2CMasterDataGet              
000010db  I2CMasterDataPut              
000010a9  I2CMasterEnable               
00000de1  I2CMasterInitExpClk           
000010c5  I2CMasterSlaveAddrSet         
0000030d  I2C_Read_bytes                
0000026d  I2C_Write_bytes               
000003d5  Initialization                
2000025c  PitchToSend                   
0000109d  ResetISR                      
0000098d  SysCtlClockGet                
00000b99  SysCtlClockSet                
000010cd  SysCtlDelay                   
00000f49  SysCtlPeripheralEnable        
00000d91  SysCtlPeripheralReset         
000010b3  UARTCharPut                   
00000ebd  UARTConfigSetExpClk           
00001009  UARTDisable                   
00001045  UARTEnable                    
20000200  __STACK_END                   
00000200  __STACK_SIZE                  
20000200  __STACK_TOP                   
00001218  __TI_CINIT_Base               
00001228  __TI_CINIT_Limit              
00001200  __TI_Handler_Table_Base       
0000120c  __TI_Handler_Table_Limit      
00000f05  __TI_auto_init_nobinit_nopinit
00000d29  __TI_decompress_lzss          
0000108f  __TI_decompress_none          
ffffffff  __TI_pprof_out_hndl           
ffffffff  __TI_prof_data_size           
ffffffff  __TI_prof_data_start          
00000000  __TI_static_base__            
00001029  __TI_zero_init_nomemset       
00000e75  __aeabi_d2iz                  
000006af  __aeabi_dadd                  
00000a9d  __aeabi_dmul                  
000006a5  __aeabi_dsub                  
00000fb1  __aeabi_i2d                   
00000c8d  __aeabi_memcpy                
00000c8d  __aeabi_memcpy4               
00000c8d  __aeabi_memcpy8               
ffffffff  __binit__                     
ffffffff  __c_args__                    
UNDEFED   __mpu_init                    
20000000  __stack                       
20000000  __start___llvm_prf_cnts       
20000000  __stop___llvm_prf_cnts        
00000f7d  _c_int00_noargs               
UNDEFED   _system_post_cinit            
000010df  _system_pre_init              
000010e3  abort                         
20000218  accelX                        
20000220  accelY                        
20000228  accelZ                        
20000208  angle                         
ffffffff  binit                         
20000200  dt                            
00000000  g_pfnVectors                  
20000230  gyroX                         
20000238  gyroY                         
20000240  gyroZ                         
00000491  main                          
00000c8d  memcpy                        
20000210  pitch                         


GLOBAL SYMBOLS: SORTED BY Symbol Address 

address   name                          
-------   ----                          
00000000  __TI_static_base__            
00000000  g_pfnVectors                  
00000200  __STACK_SIZE                  
0000026d  I2C_Write_bytes               
0000030d  I2C_Read_bytes                
000003d5  Initialization                
00000491  main                          
000006a5  __aeabi_dsub                  
000006af  __aeabi_dadd                  
0000085b  GPIOPadConfigSet              
0000098d  SysCtlClockGet                
00000a9d  __aeabi_dmul                  
00000b99  SysCtlClockSet                
00000c8d  __aeabi_memcpy                
00000c8d  __aeabi_memcpy4               
00000c8d  __aeabi_memcpy8               
00000c8d  memcpy                        
00000d29  __TI_decompress_lzss          
00000d91  SysCtlPeripheralReset         
00000de1  I2CMasterInitExpClk           
00000e2d  GPIOPinConfigure              
00000e75  __aeabi_d2iz                  
00000ebd  UARTConfigSetExpClk           
00000f05  __TI_auto_init_nobinit_nopinit
00000f49  SysCtlPeripheralEnable        
00000f7d  _c_int00_noargs               
00000fb1  __aeabi_i2d                   
00000fdf  GPIODirModeSet                
00001009  UARTDisable                   
00001029  __TI_zero_init_nomemset       
00001045  UARTEnable                    
00001059  GPIOPinTypeI2C                
0000106b  GPIOPinTypeI2CSCL             
0000107d  GPIOPinTypeUART               
0000108f  __TI_decompress_none          
0000109d  ResetISR                      
000010a9  I2CMasterEnable               
000010b3  UARTCharPut                   
000010bd  I2CMasterBusy                 
000010c5  I2CMasterSlaveAddrSet         
000010cd  SysCtlDelay                   
000010d3  I2CMasterControl              
000010d7  I2CMasterDataGet              
000010db  I2CMasterDataPut              
000010df  _system_pre_init              
000010e3  C$$EXIT                       
000010e3  abort                         
00001200  __TI_Handler_Table_Base       
0000120c  __TI_Handler_Table_Limit      
00001218  __TI_CINIT_Base               
00001228  __TI_CINIT_Limit              
20000000  __stack                       
20000000  __start___llvm_prf_cnts       
20000000  __stop___llvm_prf_cnts        
20000200  __STACK_END                   
20000200  __STACK_TOP                   
20000200  dt                            
20000208  angle                         
20000210  pitch                         
20000218  accelX                        
20000220  accelY                        
20000228  accelZ                        
20000230  gyroX                         
20000238  gyroY                         
20000240  gyroZ                         
20000258  AngleToSend                   
2000025c  PitchToSend                   
ffffffff  __TI_pprof_out_hndl           
ffffffff  __TI_prof_data_size           
ffffffff  __TI_prof_data_start          
ffffffff  __binit__                     
ffffffff  __c_args__                    
ffffffff  binit                         
UNDEFED   __mpu_init                    
UNDEFED   _system_post_cinit            

[75 symbols]
