******************************************************************************
                  TI ARM Linker PC v20.2.7                     
******************************************************************************
>> Linked Thu Dec 12 19:59:22 2024

OUTPUT FILE NAME:   <FinalProjectSlave(SERVO).out>
ENTRY POINT SYMBOL: "_c_int00_noargs"  address: 00000fe5


MEMORY CONFIGURATION

         name            origin    length      used     unused   attr    fill
----------------------  --------  ---------  --------  --------  ----  --------
  FLASH                 00000000   00040000  000013fe  0003ec02  R  X
  SRAM                  20000000   00008000  0000048d  00007b73  RW X


SEGMENT ALLOCATION MAP

run origin  load origin   length   init length attrs members
----------  ----------- ---------- ----------- ----- -------
00000000    00000000    00001400   00001400    r-x
  00000000    00000000    0000026c   0000026c    r-- .intvecs
  0000026c    0000026c    00000f66   00000f66    r-x .text
  000011d4    000011d4    000001ec   000001ec    r-- .const
  000013c0    000013c0    00000040   00000040    r-- .cinit
20000000    20000000    00000494   00000000    rw-
  20000000    20000000    0000026c   00000000    rw- .vtable
  20000270    20000270    00000200   00000000    rw- .stack
  20000470    20000470    00000011   00000000    rw- .data
  20000484    20000484    00000010   00000000    rw- .bss


SECTION ALLOCATION MAP

 output                                  attributes/
section   page    origin      length       input sections
--------  ----  ----------  ----------   ----------------
.intvecs   0    00000000    0000026c     
                  00000000    0000026c     tm4c123gh6pm_startup_ccs.obj (.intvecs)

.text      0    0000026c    00000f66     
                  0000026c    0000034c     main.obj (.text)
                  000005b8    000001b6     rtsv7M4_T_le_v4SPD16_eabi.lib : fd_add_t2.asm.obj (.text)
                  0000076e    00000136                                   : fd_div_t2.asm.obj (.text)
                  000008a4    00000132     driverlib.lib : gpio.obj (.text:GPIOPadConfigSet)
                  000009d6    00000002     --HOLE-- [fill = 0]
                  000009d8    00000110                   : sysctl.obj (.text:SysCtlClockGet)
                  00000ae8    000000f4                   : sysctl.obj (.text:SysCtlClockSet)
                  00000bdc    0000009c     rtsv7M4_T_le_v4SPD16_eabi.lib : memcpy_t2.asm.obj (.text)
                  00000c78    0000007a                                   : memset_t2.asm.obj (.text)
                  00000cf2    0000006e                                   : fd_tos_t2.asm.obj (.text)
                  00000d60    00000068     driverlib.lib : interrupt.obj (.text:IntEnable)
                  00000dc8    00000068     rtsv7M4_T_le_v4SPD16_eabi.lib : copy_decompress_lzss.c.obj (.text:decompress:lzss:__TI_decompress_lzss)
                  00000e30    00000048     driverlib.lib : gpio.obj (.text:GPIOPinConfigure)
                  00000e78    00000046                   : uart.obj (.text:UARTConfigSetExpClk)
                  00000ebe    00000002     --HOLE-- [fill = 0]
                  00000ec0    00000044     rtsv7M4_T_le_v4SPD16_eabi.lib : autoinit.c.obj (.text:__TI_auto_init_nobinit_nopinit:__TI_auto_init_nobinit_nopinit)
                  00000f04    00000040     driverlib.lib : uart.obj (.text:_UARTIntNumberGet)
                  00000f44    00000038     rtsv7M4_T_le_v4SPD16_eabi.lib : fs_tod_t2.asm.obj (.text)
                  00000f7c    00000034     driverlib.lib : interrupt.obj (.text:IntRegister)
                  00000fb0    00000034                   : sysctl.obj (.text:SysCtlPeripheralEnable)
                  00000fe4    00000034     rtsv7M4_T_le_v4SPD16_eabi.lib : boot_cortex_m.c.obj (.text:_c_int00_noargs:_c_int00_noargs)
                  00001018    0000002a     driverlib.lib : gpio.obj (.text:GPIODirModeSet)
                  00001042    00000022                   : pwm.obj (.text:PWMGenConfigure)
                  00001064    00000020                   : uart.obj (.text:UARTDisable)
                  00001084    0000001e                   : pwm.obj (.text:PWMPulseWidthSet)
                  000010a2    0000001c     rtsv7M4_T_le_v4SPD16_eabi.lib : copy_zero_init.c.obj (.text:decompress:ZI:__TI_zero_init_nomemset:__TI_zero_init_nomemset)
                  000010be    00000018     driverlib.lib : uart.obj (.text:UARTIntRegister)
                  000010d6    00000002     --HOLE-- [fill = 0]
                  000010d8    00000014                   : sysctl.obj (.text:SysCtlPWMClockSet)
                  000010ec    00000014                   : uart.obj (.text:UARTEnable)
                  00001100    00000012                   : gpio.obj (.text:GPIOPinTypePWM)
                  00001112    00000012                   : gpio.obj (.text:GPIOPinTypeUART)
                  00001124    00000012                   : pwm.obj (.text:PWMGenPeriodGet)
                  00001136    00000012                   : pwm.obj (.text:PWMOutputState)
                  00001148    00000010                   : interrupt.obj (.text:IntMasterEnable)
                  00001158    00000010                   : pwm.obj (.text:PWMGenPeriodSet)
                  00001168    0000000e     rtsv7M4_T_le_v4SPD16_eabi.lib : copy_decompress_none.c.obj (.text:decompress:none:__TI_decompress_none)
                  00001176    0000000c     driverlib.lib : cpu.obj (.text:CPUcpsie)
                  00001182    0000000c                   : pwm.obj (.text:PWMGenEnable)
                  0000118e    0000000c     tm4c123gh6pm_startup_ccs.obj (.text)
                  0000119a    0000000a     driverlib.lib : uart.obj (.text:UARTCharGet)
                  000011a4    0000000a                   : uart.obj (.text:UARTCharPut)
                  000011ae    0000000a                   : uart.obj (.text:UARTIntStatus)
                  000011b8    00000008                   : uart.obj (.text:UARTIntEnable)
                  000011c0    00000006                   : sysctl.obj (.text:SysCtlDelay)
                  000011c6    00000004                   : uart.obj (.text:UARTIntClear)
                  000011ca    00000004     rtsv7M4_T_le_v4SPD16_eabi.lib : pre_init.c.obj (.text:_system_pre_init)
                  000011ce    00000004                                   : exit.c.obj (.text:abort:abort)

.const     0    000011d4    000001ec     
                  000011d4    00000090     driverlib.lib : gpio.obj (.const:g_pui32GPIOBaseAddrs)
                  00001264    00000070                   : interrupt.obj (.const)
                  000012d4    0000006c                   : sysctl.obj (.const:g_pui32Xtals)
                  00001340    00000040                   : uart.obj (.const:g_ppui32UARTIntMap)
                  00001380    00000040                   : uart.obj (.const:g_ppui32UARTIntMapSnowflake)

.cinit     0    000013c0    00000040     
                  000013c0    0000000c     (__TI_handler_table)
                  000013cc    0000000b     (.cinit..data.load) [load image, compression = lzss]
                  000013d7    00000001     --HOLE-- [fill = 0]
                  000013d8    00000008     (.cinit..bss.load) [load image, compression = zero_init]
                  000013e0    00000008     (.cinit..vtable.load) [load image, compression = zero_init]
                  000013e8    00000018     (__TI_cinit_table)

.init_array 
*          0    00000000    00000000     UNINITIALIZED

.vtable    0    20000000    0000026c     UNINITIALIZED
                  20000000    0000026c     driverlib.lib : interrupt.obj (.vtable)

.data      0    20000470    00000011     UNINITIALIZED
                  20000470    00000011     main.obj (.data)

.bss       0    20000484    00000010     UNINITIALIZED
                  20000484    00000004     (.common:pitchBT)
                  20000488    00000004     (.common:pitch_duty_cycle)
                  2000048c    00000004     (.common:yawBT)
                  20000490    00000004     (.common:yaw_duty_cycle)

.stack     0    20000270    00000200     UNINITIALIZED
                  20000270    00000004     rtsv7M4_T_le_v4SPD16_eabi.lib : boot_cortex_m.c.obj (.stack)
                  20000274    000001fc     --HOLE--

__llvm_prf_cnts 
*          0    20000000    00000000     UNINITIALIZED

MODULE SUMMARY

       Module                         code   ro data   rw data
       ------                         ----   -------   -------
    .\
       main.obj                       844    0         33     
       tm4c123gh6pm_startup_ccs.obj   12     620       0      
    +--+------------------------------+------+---------+---------+
       Total:                         856    620       33     
                                                              
    C:/ti/TivaWare_C_Series-2.1.4.178/driverlib/ccs/Debug/driverlib.lib
       interrupt.obj                  172    112       620    
       sysctl.obj                     594    108       0      
       gpio.obj                       456    144       0      
       uart.obj                       252    128       0      
       pwm.obj                        128    0         0      
       cpu.obj                        12     0         0      
    +--+------------------------------+------+---------+---------+
       Total:                         1614   492       620    
                                                              
    C:\ti\ccs1281\ccs\tools\compiler\ti-cgt-arm_20.2.7.LTS\lib\rtsv7M4_T_le_v4SPD16_eabi.lib
       fd_add_t2.asm.obj              438    0         0      
       fd_div_t2.asm.obj              310    0         0      
       memcpy_t2.asm.obj              156    0         0      
       memset_t2.asm.obj              122    0         0      
       fd_tos_t2.asm.obj              110    0         0      
       copy_decompress_lzss.c.obj     104    0         0      
       autoinit.c.obj                 68     0         0      
       fs_tod_t2.asm.obj              56     0         0      
       boot_cortex_m.c.obj            52     0         0      
       copy_zero_init.c.obj           28     0         0      
       copy_decompress_none.c.obj     14     0         0      
       exit.c.obj                     4      0         0      
       pre_init.c.obj                 4      0         0      
    +--+------------------------------+------+---------+---------+
       Total:                         1466   0         0      
                                                              
       Stack:                         0      0         512    
       Linker Generated:              0      63        0      
    +--+------------------------------+------+---------+---------+
       Grand Total:                   3936   1175      1165   


LINKER GENERATED COPY TABLES

__TI_cinit_table @ 000013e8 records: 3, size/record: 8, table size: 24
	.data: load addr=000013cc, load size=0000000b bytes, run addr=20000470, run size=00000011 bytes, compression=lzss
	.bss: load addr=000013d8, load size=00000008 bytes, run addr=20000484, run size=00000010 bytes, compression=zero_init
	.vtable: load addr=000013e0, load size=00000008 bytes, run addr=20000000, run size=0000026c bytes, compression=zero_init


LINKER GENERATED HANDLER TABLE

__TI_handler_table @ 000013c0 records: 3, size/record: 4, table size: 12
	index: 0, handler: __TI_zero_init
	index: 1, handler: __TI_decompress_lzss
	index: 2, handler: __TI_decompress_none


GLOBAL SYMBOLS: SORTED ALPHABETICALLY BY Name 

address   name                          
-------   ----                          
000011cf  C$$EXIT                       
00001177  CPUcpsie                      
00001019  GPIODirModeSet                
000008a5  GPIOPadConfigSet              
00000e31  GPIOPinConfigure              
00001101  GPIOPinTypePWM                
00001113  GPIOPinTypeUART               
00000d61  IntEnable                     
00001149  IntMasterEnable               
00000f7d  IntRegister                   
00001043  PWMGenConfigure               
00001183  PWMGenEnable                  
00001125  PWMGenPeriodGet               
00001159  PWMGenPeriodSet               
00001137  PWMOutputState                
00001085  PWMPulseWidthSet              
0000118f  ResetISR                      
000009d9  SysCtlClockGet                
00000ae9  SysCtlClockSet                
000011c1  SysCtlDelay                   
000010d9  SysCtlPWMClockSet             
00000fb1  SysCtlPeripheralEnable        
0000046f  UART5IntHandler               
0000119b  UARTCharGet                   
000011a5  UARTCharPut                   
00000e79  UARTConfigSetExpClk           
00001065  UARTDisable                   
000010ed  UARTEnable                    
000011c7  UARTIntClear                  
000011b9  UARTIntEnable                 
000010bf  UARTIntRegister               
000011af  UARTIntStatus                 
20000470  __STACK_END                   
00000200  __STACK_SIZE                  
20000470  __STACK_TOP                   
000013e8  __TI_CINIT_Base               
00001400  __TI_CINIT_Limit              
000013c0  __TI_Handler_Table_Base       
000013cc  __TI_Handler_Table_Limit      
00000ec1  __TI_auto_init_nobinit_nopinit
00000dc9  __TI_decompress_lzss          
00001169  __TI_decompress_none          
ffffffff  __TI_pprof_out_hndl           
ffffffff  __TI_prof_data_size           
ffffffff  __TI_prof_data_start          
00000000  __TI_static_base__            
000010a3  __TI_zero_init_nomemset       
00000cf3  __aeabi_d2f                   
000005c3  __aeabi_dadd                  
0000076f  __aeabi_ddiv                  
000005b9  __aeabi_dsub                  
00000f45  __aeabi_f2d                   
00000c79  __aeabi_memclr                
00000c79  __aeabi_memclr4               
00000c79  __aeabi_memclr8               
00000bdd  __aeabi_memcpy                
00000bdd  __aeabi_memcpy4               
00000bdd  __aeabi_memcpy8               
00000c7b  __aeabi_memset                
00000c7b  __aeabi_memset4               
00000c7b  __aeabi_memset8               
ffffffff  __binit__                     
ffffffff  __c_args__                    
UNDEFED   __mpu_init                    
20000270  __stack                       
20000000  __start___llvm_prf_cnts       
20000000  __stop___llvm_prf_cnts        
00000fe5  _c_int00_noargs               
UNDEFED   _system_post_cinit            
000011cb  _system_pre_init              
000011cf  abort                         
2000047c  alpha                         
0000026d  angleToPWMDutyCycle           
ffffffff  binit                         
20000478  filtered_pitch_angle          
20000474  filtered_yaw_angle            
20000000  g_pfnRAMVectors               
00000000  g_pfnVectors                  
000002c3  main                          
00000bdd  memcpy                        
00000c81  memset                        
20000484  pitchBT                       
20000488  pitch_duty_cycle              
20000480  receiving                     
20000470  servo_pwm_freq                
2000048c  yawBT                         
20000490  yaw_duty_cycle                


GLOBAL SYMBOLS: SORTED BY Symbol Address 

address   name                          
-------   ----                          
00000000  __TI_static_base__            
00000000  g_pfnVectors                  
00000200  __STACK_SIZE                  
0000026d  angleToPWMDutyCycle           
000002c3  main                          
0000046f  UART5IntHandler               
000005b9  __aeabi_dsub                  
000005c3  __aeabi_dadd                  
0000076f  __aeabi_ddiv                  
000008a5  GPIOPadConfigSet              
000009d9  SysCtlClockGet                
00000ae9  SysCtlClockSet                
00000bdd  __aeabi_memcpy                
00000bdd  __aeabi_memcpy4               
00000bdd  __aeabi_memcpy8               
00000bdd  memcpy                        
00000c79  __aeabi_memclr                
00000c79  __aeabi_memclr4               
00000c79  __aeabi_memclr8               
00000c7b  __aeabi_memset                
00000c7b  __aeabi_memset4               
00000c7b  __aeabi_memset8               
00000c81  memset                        
00000cf3  __aeabi_d2f                   
00000d61  IntEnable                     
00000dc9  __TI_decompress_lzss          
00000e31  GPIOPinConfigure              
00000e79  UARTConfigSetExpClk           
00000ec1  __TI_auto_init_nobinit_nopinit
00000f45  __aeabi_f2d                   
00000f7d  IntRegister                   
00000fb1  SysCtlPeripheralEnable        
00000fe5  _c_int00_noargs               
00001019  GPIODirModeSet                
00001043  PWMGenConfigure               
00001065  UARTDisable                   
00001085  PWMPulseWidthSet              
000010a3  __TI_zero_init_nomemset       
000010bf  UARTIntRegister               
000010d9  SysCtlPWMClockSet             
000010ed  UARTEnable                    
00001101  GPIOPinTypePWM                
00001113  GPIOPinTypeUART               
00001125  PWMGenPeriodGet               
00001137  PWMOutputState                
00001149  IntMasterEnable               
00001159  PWMGenPeriodSet               
00001169  __TI_decompress_none          
00001177  CPUcpsie                      
00001183  PWMGenEnable                  
0000118f  ResetISR                      
0000119b  UARTCharGet                   
000011a5  UARTCharPut                   
000011af  UARTIntStatus                 
000011b9  UARTIntEnable                 
000011c1  SysCtlDelay                   
000011c7  UARTIntClear                  
000011cb  _system_pre_init              
000011cf  C$$EXIT                       
000011cf  abort                         
000013c0  __TI_Handler_Table_Base       
000013cc  __TI_Handler_Table_Limit      
000013e8  __TI_CINIT_Base               
00001400  __TI_CINIT_Limit              
20000000  __start___llvm_prf_cnts       
20000000  __stop___llvm_prf_cnts        
20000000  g_pfnRAMVectors               
20000270  __stack                       
20000470  __STACK_END                   
20000470  __STACK_TOP                   
20000470  servo_pwm_freq                
20000474  filtered_yaw_angle            
20000478  filtered_pitch_angle          
2000047c  alpha                         
20000480  receiving                     
20000484  pitchBT                       
20000488  pitch_duty_cycle              
2000048c  yawBT                         
20000490  yaw_duty_cycle                
ffffffff  __TI_pprof_out_hndl           
ffffffff  __TI_prof_data_size           
ffffffff  __TI_prof_data_start          
ffffffff  __binit__                     
ffffffff  __c_args__                    
ffffffff  binit                         
UNDEFED   __mpu_init                    
UNDEFED   _system_post_cinit            

[87 symbols]
